// Jest Snapshot v1, https://goo.gl/fbAQLP

exports[`PullToRefreshView ios spec App show PullToRefreshView ios 1`] = `
<withState(withState(withHandlers(lifecycle(BaseComponent))))
  contentComponent={<ScrollView />}
  isRefreshing={false}
  onRefresh={[Function]}
  pullAnimHeight={70}
  pullAnimYValues={
    Object {
      "from": -50,
      "to": 10,
    }
  }
  setShouldTriggerRefresh={[Function]}
  shouldTriggerRefresh={false}
/>
`;
